../Middlewares/Third_Party/LwIP/src/apps/tftp/tftp_server.c:107:1:close_handle	8	static
../Middlewares/Third_Party/LwIP/src/apps/tftp/tftp_server.c:127:1:send_error	48	static
../Middlewares/Third_Party/LwIP/src/apps/tftp/tftp_server.c:148:1:send_ack	32	static
../Middlewares/Third_Party/LwIP/src/apps/tftp/tftp_server.c:166:1:resend_data	16	static
../Middlewares/Third_Party/LwIP/src/apps/tftp/tftp_server.c:183:1:send_data	24	static
../Middlewares/Third_Party/LwIP/src/apps/tftp/tftp_server.c:213:1:recv	88	static
../Middlewares/Third_Party/LwIP/src/apps/tftp/tftp_server.c:396:1:tftp_tmr	16	static
../Middlewares/Third_Party/LwIP/src/apps/tftp/tftp_server.c:425:1:tftp_init	24	static
../Middlewares/Third_Party/LwIP/src/apps/tftp/tftp_server.c:456:6:tftp_cleanup	8	static
